// Jest Snapshot v1, https://goo.gl/fbAQLP

exports[`ConferenceDetails renders conference details 1`] = `
"<Router history={{...}}>
  <ConferenceDetails conferences={{...}}>
    <styled.div>
      <div className=\\"sc-AykKC iQgNIs\\">
        <h3 />
        <p />
        <p>
          NaN/NaN/NaN
        </p>
        <p>
          NaN:NaN
        </p>
        <p />
        <p />
        <BrowserRouter>
          <Router history={{...}}>
            <Link to=\\"/\\">
              <LinkAnchor href=\\"/\\" navigate={[Function: navigate]}>
                <a href=\\"/\\" onClick={[Function: onClick]}>
                  Back
                </a>
              </LinkAnchor>
            </Link>
          </Router>
        </BrowserRouter>
      </div>
    </styled.div>
  </ConferenceDetails>
</Router>"
`;
