// Jest Snapshot v1, https://goo.gl/fbAQLP

exports[`Navbar renders a navbar with text 1`] = `
<styled.nav>
  <styled.ul>
    <styled.li>
      <Styled(Link)
        to="/"
      >
        Home
      </Styled(Link)>
    </styled.li>
    <styled.li>
      <Styled(Link)
        to="/add"
      >
        Add Conference
      </Styled(Link)>
    </styled.li>
  </styled.ul>
</styled.nav>
`;
